ELF Header:
  Magic:   7f 45 4c 46 01 01 01 00 00 00 00 00 00 00 00 00 
  Class:                             ELF32
  Data:                              2's complement, little endian
  Version:                           1 (current)
  OS/ABI:                            UNIX - System V
  ABI Version:                       0
  Type:                              EXEC (Executable file)
  Machine:                           CSKY
  Version:                           0x1
  Entry point address:               0x8010500
  Start of program headers:          52 (bytes into file)
  Start of section headers:          1218808 (bytes into file)
  Flags:                             0x21006000
  Size of this header:               52 (bytes)
  Size of program headers:           32 (bytes)
  Number of program headers:         2
  Size of section headers:           40 (bytes)
  Number of section headers:         22
  Section header string table index: 19

Section Headers:
  [Nr] Name              Type            Addr     Off    Size   ES Flg Lk Inf Al
  [ 0]                   NULL            00000000 000000 000000 00      0   0  0
  [ 1] .text             PROGBITS        08010400 000400 0036d0 00  AX  0   0 1024
  [ 2] .rodata           PROGBITS        08013ad0 003ad0 0003b4 00   A  0   0  4
  [ 3] .vdata            PROGBITS        20000000 004400 000100 00      0   0 1024
  [ 4] .data             PROGBITS        20000100 004100 000060 00  WA  0   0  4
  [ 5] .bss              NOBITS          20000160 004160 001a7c 00  WA  0   0  4
  [ 6] ._user_heap       PROGBITS        20001bdc 004500 000000 00   W  0   0  1
  [ 7] .comment          PROGBITS        00000000 004500 000042 01  MS  0   0  1
  [ 8] .csky_stack_size  PROGBITS        00000000 004550 00057c 00      0   0 16
  [ 9] .csky.attributes  CSKY_ATTRIBUTES 00000000 004acc 000038 00      0   0  1
  [10] .debug_aranges    PROGBITS        00000000 004b08 000370 00      0   0  8
  [11] .debug_info       PROGBITS        00000000 004e78 00506d 00      0   0  1
  [12] .debug_abbrev     PROGBITS        00000000 009ee5 001547 00      0   0  1
  [13] .debug_line       PROGBITS        00000000 00b42c 003843 00      0   0  1
  [14] .debug_frame      PROGBITS        00000000 00ec70 0007bc 00      0   0  4
  [15] .debug_str        PROGBITS        00000000 00f42c 0012cb 01  MS  0   0  1
  [16] .debug_loc        PROGBITS        00000000 0106f7 003943 00      0   0  1
  [17] .debug_macinfo    PROGBITS        00000000 01403a 112ec4 00      0   0  1
  [18] .debug_ranges     PROGBITS        00000000 126efe 000710 00      0   0  1
  [19] .shstrtab         STRTAB          00000000 129810 0000e7 00      0   0  1
  [20] .symtab           SYMTAB          00000000 127610 001840 10     21 244  4
  [21] .strtab           STRTAB          00000000 128e50 0009c0 00      0   0  1
Key to Flags:
  W (write), A (alloc), X (execute), M (merge), S (strings), I (info),
  L (link order), O (extra OS processing required), G (group), T (TLS),
  C (compressed), x (unknown), o (OS specific), E (exclude),
  p (processor specific)

Program Headers:
  Type           Offset   VirtAddr   PhysAddr   FileSiz MemSiz  Flg Align
  LOAD           0x000400 0x08010400 0x08010400 0x03a84 0x03a84 R E 0x400
  LOAD           0x004100 0x20000100 0x08013e84 0x00060 0x01adc RW  0x400

 Section to Segment mapping:
  Segment Sections...
   00     .text .rodata 
   01     .data .bss 
======================================================================
Csky GNU Linker

======================================================================

Section Cross References

	Obj/src_main.o(.text.startup.main) refers to Obj/drivers_wm_gpio.o(.text.HAL_GPIO_TogglePin) for HAL_GPIO_TogglePin
	Obj/drivers_wm_uart.o(.text.HAL_UART_Init) refers to Obj/src_wm_hal_msp.o(.text.HAL_UART_MspInit) for HAL_UART_MspInit
	Obj/src_main.o(.text.startup.main) refers to Obj/drivers_wm_uart.o(.text.HAL_UART_Init) for HAL_UART_Init
	Obj/src_main.o(.text.startup.main) refers to Obj/drivers_wm_uart.o(.text.HAL_UART_Transmit) for HAL_UART_Transmit
	Obj/src_main.o(.text.startup.main) refers to Obj/drivers_wm_uart.o(.text.HAL_UART_Receive_IT) for HAL_UART_Receive_IT
	Obj/drivers_wm_uart.o(.text.HAL_UART_IRQHandler) refers to Obj/drivers_wm_uart.o(.text.HAL_UART_TxCpltCallback) for HAL_UART_TxCpltCallback
	Obj/drivers_wm_uart.o(.text.HAL_UART_IRQHandler) refers to Obj/src_main.o(.text.HAL_UART_RxCpltCallback) for HAL_UART_RxCpltCallback
	Obj/drivers_wm_uart.o(.text.HAL_UART_Init) refers to Obj/drivers_wm_cpu.o(.text.SystemClock_Get) for SystemClock_Get
	Obj/drivers_wm_cpu.o(.text.SystemClock_Config) refers to Obj/drivers_wm_cpu.o(.text.HAL_InitTick) for HAL_InitTick
	Obj/src_main.o(.text.startup.main) refers to Obj/drivers_wm_cpu.o(.text.SystemClock_Config) for SystemClock_Config
	Obj/drivers_wm_uart.o(.text.HAL_UART_Transmit) refers to Obj/drivers_wm_cpu.o(.text.HAL_GetTick) for HAL_GetTick
	Obj/drivers_wm_cpu.o(.text.HAL_Delay) refers to Obj/drivers_wm_cpu.o(.text.HAL_GetTick) for HAL_GetTick
	Obj/src_main.o(.text.startup.main) refers to Obj/drivers_wm_cpu.o(.text.HAL_Delay) for HAL_Delay
	Obj/src_wm_hal_msp.o(.text.HAL_UART_MspInit) refers to Obj/drivers_wm_cpu.o(.text.HAL_NVIC_SetPriority) for HAL_NVIC_SetPriority
	Obj/src_wm_hal_msp.o(.text.HAL_UART_MspInit) refers to Obj/drivers_wm_cpu.o(.text.HAL_NVIC_EnableIRQ) for HAL_NVIC_EnableIRQ
	Obj/bsp_startup.o(.text) refers to Obj/src_main.o(.text.startup.main) for main
	Obj/drivers_wm_uart.o(.text.HAL_UART_IRQHandler) refers to Obj/src_main.o(.text.HAL_UART_RxCpltCallback) for HAL_UART_RxCpltCallback
	Obj/drivers_wm_uart.o(.text.HAL_UART_Init) refers to Obj/src_wm_hal_msp.o(.text.HAL_UART_MspInit) for HAL_UART_MspInit
	Obj/src_main.o(.text.startup.main) refers to Obj/src_fifo.o(.text.FifoInit) for FifoInit
	Obj/src_main.o(.text.startup.main) refers to Obj/src_fifo.o(.text.FifoDataLen) for FifoDataLen
	Obj/src_main.o(.text.HAL_UART_RxCpltCallback) refers to Obj/src_fifo.o(.text.FifoSpaceLen) for FifoSpaceLen
	Obj/src_main.o(.text.startup.main) refers to Obj/src_fifo.o(.text.FifoRead) for FifoRead
	Obj/src_main.o(.text.HAL_UART_RxCpltCallback) refers to Obj/src_fifo.o(.text.FifoWrite) for FifoWrite
	Obj/bsp_startup.o(.text) refers to Obj/bsp_system.o(.text.SystemInit) for SystemInit
	Obj/bsp_startup.o(.text) refers to Obj/bsp_board_init.o(.text.board_init) for board_init
	puts.o(.text) refers to Obj/libc_libc_port.o(.text.fputc) for fputc
	fputs.o(.text) refers to Obj/libc_libc_port.o(.text.fputc) for fputc
	putc.o(.text) refers to Obj/libc_libc_port.o(.text.fputc) for fputc
	Obj/bsp_trap_c.o(.text.trap_c) refers to Obj/libc_libc_port.o(.text.wm_printf) for __cskyvprintfprintf
	Obj/libc_libc_port.o(.text._ftoa) refers to _fixunsdfsi.o(.text) for __fixunsdfsi
	Obj/libc_libc_port.o(.text._ntoa_long_long) refers to _udivdi3.o(.text) for __udivdi3
	Obj/libc_libc_port.o(.text._ntoa_long_long) refers to _umoddi3.o(.text) for __umoddi3
	Obj/libc_libc_port.o(.text._etoa) refers to _addsub_df.o(.text) for __adddf3
	_fixunsdfsi.o(.text) refers to _addsub_df.o(.text) for __subdf3
	Obj/libc_libc_port.o(.text._ftoa) refers to _addsub_df.o(.text) for __subdf3
	Obj/libc_libc_port.o(.text._etoa) refers to _addsub_df.o(.text) for __subdf3
	Obj/libc_libc_port.o(.text._ftoa) refers to _mul_df.o(.text) for __muldf3
	Obj/libc_libc_port.o(.text._etoa) refers to _mul_df.o(.text) for __muldf3
	Obj/libc_libc_port.o(.text._etoa) refers to _div_df.o(.text) for __divdf3
	Obj/libc_libc_port.o(.text._ftoa) refers to _ne_df.o(.text) for __nedf2
	Obj/libc_libc_port.o(.text._etoa) refers to _ne_df.o(.text) for __nedf2
	Obj/libc_libc_port.o(.text._ftoa) refers to _gt_df.o(.text) for __gtdf2
	Obj/libc_libc_port.o(.text._etoa) refers to _gt_df.o(.text) for __gtdf2
	_fixunsdfsi.o(.text) refers to _ge_df.o(.text) for __gedf2
	Obj/libc_libc_port.o(.text._ftoa) refers to _ge_df.o(.text) for __gedf2
	Obj/libc_libc_port.o(.text._etoa) refers to _ge_df.o(.text) for __gedf2
	Obj/libc_libc_port.o(.text._ftoa) refers to _lt_df.o(.text) for __ltdf2
	Obj/libc_libc_port.o(.text._etoa) refers to _lt_df.o(.text) for __ltdf2
	Obj/libc_libc_port.o(.text._ftoa) refers to _si_to_df.o(.text) for __floatsidf
	Obj/libc_libc_port.o(.text._etoa) refers to _si_to_df.o(.text) for __floatsidf
	_fixunsdfsi.o(.text) refers to _df_to_si.o(.text) for __fixdfsi
	Obj/libc_libc_port.o(.text._ftoa) refers to _df_to_si.o(.text) for __fixdfsi
	Obj/libc_libc_port.o(.text._etoa) refers to _df_to_si.o(.text) for __fixdfsi
	Obj/libc_libc_port.o(.text._ftoa) refers to _usi_to_df.o(.text) for __floatunsidf
	_mul_df.o(.text) refers to _muldi3.o(.text) for __muldi3
	_addsub_df.o(.text) refers to _pack_df.o(.text) for __pack_d
	_addsub_df.o(.text) refers to _pack_df.o(.text) for __pack_d
	_mul_df.o(.text) refers to _pack_df.o(.text) for __pack_d
	_div_df.o(.text) refers to _pack_df.o(.text) for __pack_d
	_si_to_df.o(.text) refers to _pack_df.o(.text) for __pack_d
	_usi_to_df.o(.text) refers to _pack_df.o(.text) for __pack_d
	_addsub_df.o(.text) refers to _unpack_df.o(.text) for __unpack_d
	_addsub_df.o(.text) refers to _unpack_df.o(.text) for __unpack_d
	_mul_df.o(.text) refers to _unpack_df.o(.text) for __unpack_d
	_div_df.o(.text) refers to _unpack_df.o(.text) for __unpack_d
	_ne_df.o(.text) refers to _unpack_df.o(.text) for __unpack_d
	_gt_df.o(.text) refers to _unpack_df.o(.text) for __unpack_d
	_ge_df.o(.text) refers to _unpack_df.o(.text) for __unpack_d
	_lt_df.o(.text) refers to _unpack_df.o(.text) for __unpack_d
	_df_to_si.o(.text) refers to _unpack_df.o(.text) for __unpack_d
	_ne_df.o(.text) refers to _fpcmp_parts_df.o(.text) for __fpcmp_parts_d
	_gt_df.o(.text) refers to _fpcmp_parts_df.o(.text) for __fpcmp_parts_d
	_ge_df.o(.text) refers to _fpcmp_parts_df.o(.text) for __fpcmp_parts_d
	_lt_df.o(.text) refers to _fpcmp_parts_df.o(.text) for __fpcmp_parts_d
	Obj/bsp_trap_c.o(.text.trap_c) refers to putchar.o(.text) for putchar
	Obj/src_main.o(.text.startup.main) refers to puts.o(.text) for puts
	Obj/src_main.o(.text.HAL_UART_RxCpltCallback) refers to puts.o(.text) for puts
	puts.o(.text) refers to fputs.o(.text) for fputs
	Obj/src_main.o(.text.startup.main) refers to memset_fast.o(.text) for memset
	Obj/src_fifo.o(.text.FifoRead) refers to memcpy_fast.o(.text) for memcpy
	Obj/src_fifo.o(.text.FifoWrite) refers to memcpy_fast.o(.text) for memcpy
	fputs.o(.text) refers to critical.o(.text) for os_critical_enter
	fputs.o(.text) refers to critical.o(.text) for os_critical_exit
	putchar.o(.text) refers to putc.o(.text) for putc


======================================================================

Removing Unused input sections from the image. 

	Removing .text(Obj/drivers_wm_gpio.o), (0 bytes).
	Removing .data(Obj/drivers_wm_gpio.o), (0 bytes).
	Removing .bss(Obj/drivers_wm_gpio.o), (0 bytes).
	Removing .text.HAL_GPIO_Init(Obj/drivers_wm_gpio.o), (436 bytes).
	Removing .rodata.HAL_GPIO_Init(Obj/drivers_wm_gpio.o), (20 bytes).
	Removing .text.HAL_GPIO_DeInit(Obj/drivers_wm_gpio.o), (88 bytes).
	Removing .text.HAL_GPIO_ReadPin(Obj/drivers_wm_gpio.o), (12 bytes).
	Removing .text.HAL_GPIO_WritePin(Obj/drivers_wm_gpio.o), (38 bytes).
	Removing .text.HAL_GPIO_EXTI_Callback(Obj/drivers_wm_gpio.o), (2 bytes).
	Removing .text.HAL_GPIO_EXTI_IRQHandler(Obj/drivers_wm_gpio.o), (26 bytes).
	Removing .text(Obj/drivers_wm_uart.o), (0 bytes).
	Removing .data(Obj/drivers_wm_uart.o), (0 bytes).
	Removing .bss(Obj/drivers_wm_uart.o), (0 bytes).
	Removing .text.HAL_UART_MspInit(Obj/drivers_wm_uart.o), (2 bytes).
	Removing .text.HAL_UART_MspDeInit(Obj/drivers_wm_uart.o), (2 bytes).
	Removing .text.HAL_UART_DeInit(Obj/drivers_wm_uart.o), (42 bytes).
	Removing .text.HAL_UART_Receive(Obj/drivers_wm_uart.o), (210 bytes).
	Removing .text.HAL_UART_Transmit_IT(Obj/drivers_wm_uart.o), (104 bytes).
	Removing .text.HAL_UART_RxCpltCallback(Obj/drivers_wm_uart.o), (2 bytes).
	Removing .text(Obj/drivers_wm_cpu.o), (0 bytes).
	Removing .data(Obj/drivers_wm_cpu.o), (0 bytes).
	Removing .bss(Obj/drivers_wm_cpu.o), (0 bytes).
	Removing .text.HAL_NVIC_DisableIRQ(Obj/drivers_wm_cpu.o), (28 bytes).
	Removing .text(Obj/drivers_wm_hal.o), (0 bytes).
	Removing .data(Obj/drivers_wm_hal.o), (0 bytes).
	Removing .bss(Obj/drivers_wm_hal.o), (0 bytes).
	Removing .text.HAL_DeInit(Obj/drivers_wm_hal.o), (4 bytes).
	Removing .text.HAL_MspInit(Obj/drivers_wm_hal.o), (2 bytes).
	Removing .text.HAL_Init(Obj/drivers_wm_hal.o), (10 bytes).
	Removing .text.HAL_MspDeInit(Obj/drivers_wm_hal.o), (2 bytes).
	Removing .debug_info(Obj/drivers_wm_hal.o), (379 bytes).
	Removing .debug_abbrev(Obj/drivers_wm_hal.o), (215 bytes).
	Removing .debug_aranges(Obj/drivers_wm_hal.o), (48 bytes).
	Removing .debug_ranges(Obj/drivers_wm_hal.o), (32 bytes).
	Removing .debug_macinfo(Obj/drivers_wm_hal.o), (120759 bytes).
	Removing .debug_line(Obj/drivers_wm_hal.o), (1065 bytes).
	Removing .debug_str(Obj/drivers_wm_hal.o), (546 bytes).
	Removing .comment(Obj/drivers_wm_hal.o), (67 bytes).
	Removing .debug_frame(Obj/drivers_wm_hal.o), (88 bytes).
	Removing .csky.attributes(Obj/drivers_wm_hal.o), (56 bytes).
	Removing .text(Obj/drivers_wm_spi.o), (0 bytes).
	Removing .data(Obj/drivers_wm_spi.o), (0 bytes).
	Removing .bss(Obj/drivers_wm_spi.o), (0 bytes).
	Removing .text.HAL_SPI_MspInit(Obj/drivers_wm_spi.o), (2 bytes).
	Removing .text.HAL_SPI_Init(Obj/drivers_wm_spi.o), (88 bytes).
	Removing .text.HAL_SPI_MspDeInit(Obj/drivers_wm_spi.o), (2 bytes).
	Removing .text.HAL_SPI_DeInit(Obj/drivers_wm_spi.o), (44 bytes).
	Removing .text.HAL_SPI_Transmit(Obj/drivers_wm_spi.o), (470 bytes).
	Removing .text.HAL_SPI_Receive(Obj/drivers_wm_spi.o), (498 bytes).
	Removing .text.HAL_SPI_TransmitReceive(Obj/drivers_wm_spi.o), (664 bytes).
	Removing .debug_info(Obj/drivers_wm_spi.o), (1737 bytes).
	Removing .debug_abbrev(Obj/drivers_wm_spi.o), (512 bytes).
	Removing .debug_loc(Obj/drivers_wm_spi.o), (1660 bytes).
	Removing .debug_aranges(Obj/drivers_wm_spi.o), (72 bytes).
	Removing .debug_ranges(Obj/drivers_wm_spi.o), (56 bytes).
	Removing .debug_macinfo(Obj/drivers_wm_spi.o), (120763 bytes).
	Removing .debug_line(Obj/drivers_wm_spi.o), (1594 bytes).
	Removing .debug_str(Obj/drivers_wm_spi.o), (1289 bytes).
	Removing .comment(Obj/drivers_wm_spi.o), (67 bytes).
	Removing .debug_frame(Obj/drivers_wm_spi.o), (252 bytes).
	Removing .csky.attributes(Obj/drivers_wm_spi.o), (56 bytes).
	Removing .text(Obj/drivers_wm_wdg.o), (0 bytes).
	Removing .data(Obj/drivers_wm_wdg.o), (0 bytes).
	Removing .bss(Obj/drivers_wm_wdg.o), (0 bytes).
	Removing .text.HAL_WDG_DeInit(Obj/drivers_wm_wdg.o), (22 bytes).
	Removing .text.HAL_WDG_MspInit(Obj/drivers_wm_wdg.o), (2 bytes).
	Removing .text.HAL_WDG_Init(Obj/drivers_wm_wdg.o), (46 bytes).
	Removing .text.HAL_WDG_IRQHandler(Obj/drivers_wm_wdg.o), (8 bytes).
	Removing .debug_info(Obj/drivers_wm_wdg.o), (935 bytes).
	Removing .debug_abbrev(Obj/drivers_wm_wdg.o), (378 bytes).
	Removing .debug_loc(Obj/drivers_wm_wdg.o), (82 bytes).
	Removing .debug_aranges(Obj/drivers_wm_wdg.o), (56 bytes).
	Removing .debug_ranges(Obj/drivers_wm_wdg.o), (40 bytes).
	Removing .debug_macinfo(Obj/drivers_wm_wdg.o), (120763 bytes).
	Removing .debug_line(Obj/drivers_wm_wdg.o), (1099 bytes).
	Removing .debug_str(Obj/drivers_wm_wdg.o), (1068 bytes).
	Removing .comment(Obj/drivers_wm_wdg.o), (67 bytes).
	Removing .debug_frame(Obj/drivers_wm_wdg.o), (108 bytes).
	Removing .csky.attributes(Obj/drivers_wm_wdg.o), (56 bytes).
	Removing .text(Obj/drivers_wm_tim.o), (0 bytes).
	Removing .data(Obj/drivers_wm_tim.o), (0 bytes).
	Removing .bss(Obj/drivers_wm_tim.o), (0 bytes).
	Removing .text.HAL_TIM_Base_MspInit(Obj/drivers_wm_tim.o), (2 bytes).
	Removing .text.HAL_TIM_Base_Init(Obj/drivers_wm_tim.o), (136 bytes).
	Removing .text.HAL_TIM_Base_MspDeInit(Obj/drivers_wm_tim.o), (2 bytes).
	Removing .text.HAL_TIM_Base_DeInit(Obj/drivers_wm_tim.o), (52 bytes).
	Removing .text.HAL_TIM_Base_Start(Obj/drivers_wm_tim.o), (44 bytes).
	Removing .text.HAL_TIM_Base_Stop(Obj/drivers_wm_tim.o), (36 bytes).
	Removing .text.HAL_TIM_Base_Start_IT(Obj/drivers_wm_tim.o), (64 bytes).
	Removing .text.HAL_TIM_Base_Stop_IT(Obj/drivers_wm_tim.o), (56 bytes).
	Removing .text.HAL_TIM_Base_GetState(Obj/drivers_wm_tim.o), (4 bytes).
	Removing .text.HAL_TIM_Callback(Obj/drivers_wm_tim.o), (2 bytes).
	Removing .text.HAL_TIM_IRQHandler(Obj/drivers_wm_tim.o), (56 bytes).
	Removing .debug_info(Obj/drivers_wm_tim.o), (1291 bytes).
	Removing .debug_abbrev(Obj/drivers_wm_tim.o), (418 bytes).
	Removing .debug_loc(Obj/drivers_wm_tim.o), (259 bytes).
	Removing .debug_aranges(Obj/drivers_wm_tim.o), (96 bytes).
	Removing .debug_ranges(Obj/drivers_wm_tim.o), (80 bytes).
	Removing .debug_macinfo(Obj/drivers_wm_tim.o), (120763 bytes).
	Removing .debug_line(Obj/drivers_wm_tim.o), (1225 bytes).
	Removing .debug_str(Obj/drivers_wm_tim.o), (1158 bytes).
	Removing .comment(Obj/drivers_wm_tim.o), (67 bytes).
	Removing .debug_frame(Obj/drivers_wm_tim.o), (232 bytes).
	Removing .csky.attributes(Obj/drivers_wm_tim.o), (56 bytes).
	Removing .text(Obj/drivers_wm_internal_flash.o), (0 bytes).
	Removing .data(Obj/drivers_wm_internal_flash.o), (0 bytes).
	Removing .bss(Obj/drivers_wm_internal_flash.o), (0 bytes).
	Removing .text.__readByCMD.constprop.0(Obj/drivers_wm_internal_flash.o), (228 bytes).
	Removing .text.flashRead(Obj/drivers_wm_internal_flash.o), (172 bytes).
	Removing .text.writeBpBit_for_2wreg.constprop.2(Obj/drivers_wm_internal_flash.o), (140 bytes).
	Removing .text.tls_flash_unlock(Obj/drivers_wm_internal_flash.o), (258 bytes).
	Removing .text.tls_flash_lock(Obj/drivers_wm_internal_flash.o), (266 bytes).
	Removing .text.HAL_FLASH_Read(Obj/drivers_wm_internal_flash.o), (112 bytes).
	Removing .text.HAL_FLASH_Write(Obj/drivers_wm_internal_flash.o), (352 bytes).
	Removing .bss.cache.5870(Obj/drivers_wm_internal_flash.o), (256 bytes).
	Removing .bss.cache.5891(Obj/drivers_wm_internal_flash.o), (4096 bytes).
	Removing .debug_info(Obj/drivers_wm_internal_flash.o), (2813 bytes).
	Removing .debug_abbrev(Obj/drivers_wm_internal_flash.o), (738 bytes).
	Removing .debug_loc(Obj/drivers_wm_internal_flash.o), (1061 bytes).
	Removing .debug_aranges(Obj/drivers_wm_internal_flash.o), (80 bytes).
	Removing .debug_ranges(Obj/drivers_wm_internal_flash.o), (576 bytes).
	Removing .debug_macinfo(Obj/drivers_wm_internal_flash.o), (120763 bytes).
	Removing .debug_line(Obj/drivers_wm_internal_flash.o), (1756 bytes).
	Removing .debug_str(Obj/drivers_wm_internal_flash.o), (1269 bytes).
	Removing .comment(Obj/drivers_wm_internal_flash.o), (67 bytes).
	Removing .debug_frame(Obj/drivers_wm_internal_flash.o), (220 bytes).
	Removing .csky.attributes(Obj/drivers_wm_internal_flash.o), (56 bytes).
	Removing COMMON(Obj/drivers_wm_internal_flash.o), (4 bytes).
	Removing .text(Obj/drivers_wm_adc.o), (0 bytes).
	Removing .data(Obj/drivers_wm_adc.o), (0 bytes).
	Removing .bss(Obj/drivers_wm_adc.o), (0 bytes).
	Removing .text.HAL_ADC_Start.part.0(Obj/drivers_wm_adc.o), (50 bytes).
	Removing .text.HAL_ADC_MspInit(Obj/drivers_wm_adc.o), (2 bytes).
	Removing .text.HAL_ADC_Init(Obj/drivers_wm_adc.o), (220 bytes).
	Removing .text.HAL_ADC_MspDeInit(Obj/drivers_wm_adc.o), (2 bytes).
	Removing .text.HAL_ADC_DeInit(Obj/drivers_wm_adc.o), (38 bytes).
	Removing .text.HAL_ADC_Start(Obj/drivers_wm_adc.o), (18 bytes).
	Removing .text.HAL_ADC_Stop(Obj/drivers_wm_adc.o), (34 bytes).
	Removing .text.HAL_ADC_PollForConversion(Obj/drivers_wm_adc.o), (26 bytes).
	Removing .text.HAL_ADC_GetValue(Obj/drivers_wm_adc.o), (48 bytes).
	Removing .text.HAL_ADC_GET_INPUT_VOLTAGE(Obj/drivers_wm_adc.o), (188 bytes).
	Removing .text.HAL_ADC_Start_IT(Obj/drivers_wm_adc.o), (68 bytes).
	Removing .text.HAL_ADC_Stop_IT(Obj/drivers_wm_adc.o), (40 bytes).
	Removing .text.HAL_ADC_Start_Compare_IT(Obj/drivers_wm_adc.o), (92 bytes).
	Removing .text.HAL_ADC_Stop_Compare_IT(Obj/drivers_wm_adc.o), (42 bytes).
	Removing .text.HAL_ADC_ConvCpltCallback(Obj/drivers_wm_adc.o), (2 bytes).
	Removing .text.HAL_ADC_CompareCallback(Obj/drivers_wm_adc.o), (2 bytes).
	Removing .text.HAL_ADC_IRQHandler(Obj/drivers_wm_adc.o), (72 bytes).
	Removing .debug_info(Obj/drivers_wm_adc.o), (1948 bytes).
	Removing .debug_abbrev(Obj/drivers_wm_adc.o), (587 bytes).
	Removing .debug_loc(Obj/drivers_wm_adc.o), (638 bytes).
	Removing .debug_aranges(Obj/drivers_wm_adc.o), (136 bytes).
	Removing .debug_ranges(Obj/drivers_wm_adc.o), (240 bytes).
	Removing .debug_macinfo(Obj/drivers_wm_adc.o), (120763 bytes).
	Removing .debug_line(Obj/drivers_wm_adc.o), (1467 bytes).
	Removing .debug_str(Obj/drivers_wm_adc.o), (1161 bytes).
	Removing .comment(Obj/drivers_wm_adc.o), (67 bytes).
	Removing .debug_frame(Obj/drivers_wm_adc.o), (340 bytes).
	Removing .csky.attributes(Obj/drivers_wm_adc.o), (56 bytes).
	Removing .text(Obj/drivers_wm_pwm.o), (0 bytes).
	Removing .data(Obj/drivers_wm_pwm.o), (0 bytes).
	Removing .bss(Obj/drivers_wm_pwm.o), (0 bytes).
	Removing .text.__PWM_OutMode_Config(Obj/drivers_wm_pwm.o), (280 bytes).
	Removing .text.__PWM_CountType_Config(Obj/drivers_wm_pwm.o), (52 bytes).
	Removing .text.__PWM_Freq_Config(Obj/drivers_wm_pwm.o), (198 bytes).
	Removing .text.__PWM_Duty_Config(Obj/drivers_wm_pwm.o), (122 bytes).
	Removing .text.__PWM_AutoReload_Config(Obj/drivers_wm_pwm.o), (48 bytes).
	Removing .text.__PWM_OutInverse_Config(Obj/drivers_wm_pwm.o), (46 bytes).
	Removing .text.__PWM_OutEn_Config(Obj/drivers_wm_pwm.o), (32 bytes).
	Removing .text.HAL_PWM_MspInit(Obj/drivers_wm_pwm.o), (2 bytes).
	Removing .text.HAL_PWM_Init(Obj/drivers_wm_pwm.o), (114 bytes).
	Removing .text.HAL_PWM_MspDeInit(Obj/drivers_wm_pwm.o), (2 bytes).
	Removing .text.HAL_PWM_DeInit(Obj/drivers_wm_pwm.o), (10 bytes).
	Removing .text.HAL_PWM_Start(Obj/drivers_wm_pwm.o), (28 bytes).
	Removing .text.HAL_PWM_Stop(Obj/drivers_wm_pwm.o), (28 bytes).
	Removing .text.HAL_PWM_Duty_Set(Obj/drivers_wm_pwm.o), (18 bytes).
	Removing .text.HAL_PWM_Freq_Set(Obj/drivers_wm_pwm.o), (18 bytes).
	Removing .debug_info(Obj/drivers_wm_pwm.o), (2059 bytes).
	Removing .debug_abbrev(Obj/drivers_wm_pwm.o), (481 bytes).
	Removing .debug_loc(Obj/drivers_wm_pwm.o), (1701 bytes).
	Removing .debug_aranges(Obj/drivers_wm_pwm.o), (136 bytes).
	Removing .debug_ranges(Obj/drivers_wm_pwm.o), (312 bytes).
	Removing .debug_macinfo(Obj/drivers_wm_pwm.o), (120763 bytes).
	Removing .debug_line(Obj/drivers_wm_pwm.o), (1539 bytes).
	Removing .debug_str(Obj/drivers_wm_pwm.o), (1028 bytes).
	Removing .comment(Obj/drivers_wm_pwm.o), (67 bytes).
	Removing .debug_frame(Obj/drivers_wm_pwm.o), (288 bytes).
	Removing .csky.attributes(Obj/drivers_wm_pwm.o), (56 bytes).
	Removing .text(Obj/drivers_wm_pmu.o), (0 bytes).
	Removing .data(Obj/drivers_wm_pmu.o), (0 bytes).
	Removing .bss(Obj/drivers_wm_pmu.o), (0 bytes).
	Removing .text.HAL_PMU_MspInit(Obj/drivers_wm_pmu.o), (2 bytes).
	Removing .text.HAL_PMU_Init(Obj/drivers_wm_pmu.o), (66 bytes).
	Removing .text.HAL_PMU_MspDeInit(Obj/drivers_wm_pmu.o), (2 bytes).
	Removing .text.HAL_PMU_DeInit(Obj/drivers_wm_pmu.o), (50 bytes).
	Removing .text.HAL_PMU_Enter_Sleep(Obj/drivers_wm_pmu.o), (12 bytes).
	Removing .text.HAL_PMU_Enter_Standby(Obj/drivers_wm_pmu.o), (12 bytes).
	Removing .text.HAL_PMU_TIMER0_Start(Obj/drivers_wm_pmu.o), (18 bytes).
	Removing .text.HAL_PMU_TIMER0_Stop(Obj/drivers_wm_pmu.o), (20 bytes).
	Removing .text.HAL_PMU_RTC_GetTime(Obj/drivers_wm_pmu.o), (72 bytes).
	Removing .text.HAL_PMU_RTC_Start(Obj/drivers_wm_pmu.o), (96 bytes).
	Removing .text.HAL_PMU_RTC_Stop(Obj/drivers_wm_pmu.o), (20 bytes).
	Removing .text.HAL_PMU_RTC_Alarm_Enable(Obj/drivers_wm_pmu.o), (88 bytes).
	Removing .text.HAL_PMU_RTC_Alarm_Disable(Obj/drivers_wm_pmu.o), (22 bytes).
	Removing .text.HAL_PMU_Tim0_Callback(Obj/drivers_wm_pmu.o), (2 bytes).
	Removing .text.HAL_PMU_IO_Callback(Obj/drivers_wm_pmu.o), (2 bytes).
	Removing .text.HAL_PMU_RTC_Callback(Obj/drivers_wm_pmu.o), (2 bytes).
	Removing .text.HAL_PMU_IRQHandler(Obj/drivers_wm_pmu.o), (64 bytes).
	Removing .debug_info(Obj/drivers_wm_pmu.o), (1311 bytes).
	Removing .debug_abbrev(Obj/drivers_wm_pmu.o), (376 bytes).
	Removing .debug_loc(Obj/drivers_wm_pmu.o), (502 bytes).
	Removing .debug_aranges(Obj/drivers_wm_pmu.o), (128 bytes).
	Removing .debug_ranges(Obj/drivers_wm_pmu.o), (112 bytes).
	Removing .debug_macinfo(Obj/drivers_wm_pmu.o), (120763 bytes).
	Removing .debug_line(Obj/drivers_wm_pmu.o), (1369 bytes).
	Removing .debug_str(Obj/drivers_wm_pmu.o), (987 bytes).
	Removing .comment(Obj/drivers_wm_pmu.o), (67 bytes).
	Removing .debug_frame(Obj/drivers_wm_pmu.o), (316 bytes).
	Removing .csky.attributes(Obj/drivers_wm_pmu.o), (56 bytes).
	Removing .text(Obj/drivers_wm_spi_flash.o), (0 bytes).
	Removing .data(Obj/drivers_wm_spi_flash.o), (0 bytes).
	Removing .bss(Obj/drivers_wm_spi_flash.o), (0 bytes).
	Removing .text.fls_drv_write_enable(Obj/drivers_wm_spi_flash.o), (52 bytes).
	Removing .text.fls_drv_wait_write_enable(Obj/drivers_wm_spi_flash.o), (108 bytes).
	Removing .text.fls_drv_wait_flash_ready(Obj/drivers_wm_spi_flash.o), (108 bytes).
	Removing .text.fls_drv_page_write(Obj/drivers_wm_spi_flash.o), (136 bytes).
	Removing .text.fls_drv_erase(Obj/drivers_wm_spi_flash.o), (108 bytes).
	Removing .text.fls_drv_read_id(Obj/drivers_wm_spi_flash.o), (112 bytes).
	Removing .text.fls_drv_read(Obj/drivers_wm_spi_flash.o), (80 bytes).
	Removing .text.SPIFLS_Init(Obj/drivers_wm_spi_flash.o), (84 bytes).
	Removing .text.SPIFLS_Read_ID(Obj/drivers_wm_spi_flash.o), (26 bytes).
	Removing .text.SPIFLS_Page_Write(Obj/drivers_wm_spi_flash.o), (40 bytes).
	Removing .text.SPIFLS_Read(Obj/drivers_wm_spi_flash.o), (44 bytes).
	Removing .text.SPIFLS_Write(Obj/drivers_wm_spi_flash.o), (320 bytes).
	Removing .text.SPIFLS_Erase(Obj/drivers_wm_spi_flash.o), (28 bytes).
	Removing .text.SPIFLS_Chip_Erase(Obj/drivers_wm_spi_flash.o), (80 bytes).
	Removing .bss.cache(Obj/drivers_wm_spi_flash.o), (4096 bytes).
	Removing .bss.hspi(Obj/drivers_wm_spi_flash.o), (64 bytes).
	Removing .bss.total_size(Obj/drivers_wm_spi_flash.o), (4 bytes).
	Removing .debug_info(Obj/drivers_wm_spi_flash.o), (2371 bytes).
	Removing .debug_abbrev(Obj/drivers_wm_spi_flash.o), (662 bytes).
	Removing .debug_loc(Obj/drivers_wm_spi_flash.o), (1209 bytes).
	Removing .debug_aranges(Obj/drivers_wm_spi_flash.o), (136 bytes).
	Removing .debug_ranges(Obj/drivers_wm_spi_flash.o), (168 bytes).
	Removing .debug_macinfo(Obj/drivers_wm_spi_flash.o), (120763 bytes).
	Removing .debug_line(Obj/drivers_wm_spi_flash.o), (1554 bytes).
	Removing .debug_str(Obj/drivers_wm_spi_flash.o), (1383 bytes).
	Removing .comment(Obj/drivers_wm_spi_flash.o), (67 bytes).
	Removing .debug_frame(Obj/drivers_wm_spi_flash.o), (488 bytes).
	Removing .csky.attributes(Obj/drivers_wm_spi_flash.o), (56 bytes).
	Removing .text(Obj/drivers_wm_i2c.o), (0 bytes).
	Removing .data(Obj/drivers_wm_i2c.o), (0 bytes).
	Removing .bss(Obj/drivers_wm_i2c.o), (0 bytes).
	Removing .text.I2C_Start(Obj/drivers_wm_i2c.o), (70 bytes).
	Removing .text.I2C_Write_Byte(Obj/drivers_wm_i2c.o), (84 bytes).
	Removing .text.I2C_Stop(Obj/drivers_wm_i2c.o), (52 bytes).
	Removing .text.I2C_Wait_Ack(Obj/drivers_wm_i2c.o), (94 bytes).
	Removing .text.HAL_I2C_Init(Obj/drivers_wm_i2c.o), (68 bytes).
	Removing .text.HAL_I2C_DeInit(Obj/drivers_wm_i2c.o), (24 bytes).
	Removing .text.HAL_I2C_Write(Obj/drivers_wm_i2c.o), (110 bytes).
	Removing .text.HAL_I2C_Read(Obj/drivers_wm_i2c.o), (376 bytes).
	Removing .debug_info(Obj/drivers_wm_i2c.o), (2295 bytes).
	Removing .debug_abbrev(Obj/drivers_wm_i2c.o), (621 bytes).
	Removing .debug_loc(Obj/drivers_wm_i2c.o), (642 bytes).
	Removing .debug_aranges(Obj/drivers_wm_i2c.o), (88 bytes).
	Removing .debug_ranges(Obj/drivers_wm_i2c.o), (136 bytes).
	Removing .debug_macinfo(Obj/drivers_wm_i2c.o), (120763 bytes).
	Removing .debug_line(Obj/drivers_wm_i2c.o), (1492 bytes).
	Removing .debug_str(Obj/drivers_wm_i2c.o), (905 bytes).
	Removing .comment(Obj/drivers_wm_i2c.o), (67 bytes).
	Removing .debug_frame(Obj/drivers_wm_i2c.o), (248 bytes).
	Removing .csky.attributes(Obj/drivers_wm_i2c.o), (56 bytes).
	Removing .text(Obj/drivers_wm_touch.o), (0 bytes).
	Removing .data(Obj/drivers_wm_touch.o), (0 bytes).
	Removing .bss(Obj/drivers_wm_touch.o), (0 bytes).
	Removing .text.HAL_TOUCH_MspInit(Obj/drivers_wm_touch.o), (2 bytes).
	Removing .text.HAL_TOUCH_Init(Obj/drivers_wm_touch.o), (152 bytes).
	Removing .text.HAL_TOUCH_MspDeInit(Obj/drivers_wm_touch.o), (2 bytes).
	Removing .text.HAL_TOUCH_DeInit(Obj/drivers_wm_touch.o), (26 bytes).
	Removing .text.HAL_TOUCH_Callback(Obj/drivers_wm_touch.o), (2 bytes).
	Removing .text.HAL_TOUCH_IRQHandler(Obj/drivers_wm_touch.o), (22 bytes).
	Removing .debug_info(Obj/drivers_wm_touch.o), (1039 bytes).
	Removing .debug_abbrev(Obj/drivers_wm_touch.o), (450 bytes).
	Removing .debug_loc(Obj/drivers_wm_touch.o), (152 bytes).
	Removing .debug_aranges(Obj/drivers_wm_touch.o), (64 bytes).
	Removing .debug_ranges(Obj/drivers_wm_touch.o), (48 bytes).
	Removing .debug_macinfo(Obj/drivers_wm_touch.o), (120763 bytes).
	Removing .debug_line(Obj/drivers_wm_touch.o), (1140 bytes).
	Removing .debug_str(Obj/drivers_wm_touch.o), (891 bytes).
	Removing .comment(Obj/drivers_wm_touch.o), (67 bytes).
	Removing .debug_frame(Obj/drivers_wm_touch.o), (136 bytes).
	Removing .csky.attributes(Obj/drivers_wm_touch.o), (56 bytes).
	Removing .text(Obj/src_main.o), (0 bytes).
	Removing .data(Obj/src_main.o), (0 bytes).
	Removing .bss(Obj/src_main.o), (0 bytes).
	Removing .text.Error_Handler(Obj/src_main.o), (2 bytes).
	Removing .text.assert_failed(Obj/src_main.o), (20 bytes).
	Removing .text.HAL_GPIO_EXTI_Callback(Obj/src_main.o), (32 bytes).
	Removing .bss.key_flag(Obj/src_main.o), (1 bytes).
	Removing .rodata.assert_failed.str1.4(Obj/src_main.o), (45 bytes).
	Removing .text(Obj/src_wm_hal_msp.o), (0 bytes).
	Removing .data(Obj/src_wm_hal_msp.o), (0 bytes).
	Removing .bss(Obj/src_wm_hal_msp.o), (0 bytes).
	Removing .text.HAL_UART_MspDeInit(Obj/src_wm_hal_msp.o), (44 bytes).
	Removing .text(Obj/src_wm_it.o), (0 bytes).
	Removing .data(Obj/src_wm_it.o), (0 bytes).
	Removing .bss(Obj/src_wm_it.o), (0 bytes).
	Removing .text(Obj/src_fifo.o), (0 bytes).
	Removing .data(Obj/src_fifo.o), (0 bytes).
	Removing .bss(Obj/src_fifo.o), (0 bytes).
	Removing .text.FifoClear(Obj/src_fifo.o), (16 bytes).
	Removing .data(Obj/bsp_startup.o), (0 bytes).
	Removing .text(Obj/bsp_system.o), (0 bytes).
	Removing .data(Obj/bsp_system.o), (0 bytes).
	Removing .bss(Obj/bsp_system.o), (0 bytes).
	Removing .text(Obj/bsp_trap_c.o), (0 bytes).
	Removing .data(Obj/bsp_trap_c.o), (0 bytes).
	Removing .bss(Obj/bsp_trap_c.o), (0 bytes).
	Removing .data(Obj/bsp_vectors.o), (0 bytes).
	Removing .text(Obj/bsp_board_init.o), (0 bytes).
	Removing .data(Obj/bsp_board_init.o), (0 bytes).
	Removing .bss(Obj/bsp_board_init.o), (0 bytes).
	Removing .text(Obj/libc_libc_port.o), (0 bytes).
	Removing .data(Obj/libc_libc_port.o), (0 bytes).
	Removing .bss(Obj/libc_libc_port.o), (0 bytes).
	Removing .text._out_buffer(Obj/libc_libc_port.o), (10 bytes).
	Removing .text.sendchar(Obj/libc_libc_port.o), (24 bytes).
	Removing .text.sendchar1(Obj/libc_libc_port.o), (24 bytes).
	Removing .text.fgetc(Obj/libc_libc_port.o), (4 bytes).
	Removing .text._write_r(Obj/libc_libc_port.o), (48 bytes).
	Removing .text.strntoumax(Obj/libc_libc_port.o), (324 bytes).
	Removing .text.wm_vsscanf(Obj/libc_libc_port.o), (1546 bytes).
	Removing .rodata.wm_vsscanf(Obj/libc_libc_port.o), (552 bytes).
	Removing .text.wm_vsnprintf(Obj/libc_libc_port.o), (28 bytes).
	Removing .text.wm_vprintf(Obj/libc_libc_port.o), (28 bytes).
	Removing .text.sscanf(Obj/libc_libc_port.o), (26 bytes).
	Removing .text.__cskyvscanfsscanf(Obj/libc_libc_port.o), (26 bytes).
	Removing .text.__cskyvprintfsprintf(Obj/libc_libc_port.o), (48 bytes).
	Removing .text.__cskyvprintfsnprintf(Obj/libc_libc_port.o), (44 bytes).
	Removing .text.__cskyvprintfvsnprintf(Obj/libc_libc_port.o), (28 bytes).
	Removing .text.__cskyvprintfvsprintf(Obj/libc_libc_port.o), (28 bytes).
	Removing .text.__assert_fail(Obj/libc_libc_port.o), (48 bytes).
	Removing .rodata.__assert_fail.str1.4(Obj/libc_libc_port.o), (68 bytes).
	Removing .text(Obj/__rt_entry.o), (240 bytes).
	Removing .data(Obj/__rt_entry.o), (0 bytes).
	Removing .bss(Obj/__rt_entry.o), (0 bytes).
	Removing .debug_line(Obj/__rt_entry.o), (131 bytes).
	Removing .debug_info(Obj/__rt_entry.o), (138 bytes).
	Removing .debug_abbrev(Obj/__rt_entry.o), (20 bytes).
	Removing .debug_aranges(Obj/__rt_entry.o), (32 bytes).
	Removing .csky.attributes(Obj/__rt_entry.o), (54 bytes).
	Removing .data(_fixunsdfsi.o), (0 bytes).
	Removing .bss(_fixunsdfsi.o), (0 bytes).
	Removing .data(_udivdi3.o), (0 bytes).
	Removing .bss(_udivdi3.o), (0 bytes).
	Removing .data(_umoddi3.o), (0 bytes).
	Removing .bss(_umoddi3.o), (0 bytes).
	Removing .data(_addsub_df.o), (0 bytes).
	Removing .bss(_addsub_df.o), (0 bytes).
	Removing .data(_mul_df.o), (0 bytes).
	Removing .bss(_mul_df.o), (0 bytes).
	Removing .data(_div_df.o), (0 bytes).
	Removing .bss(_div_df.o), (0 bytes).
	Removing .data(_ne_df.o), (0 bytes).
	Removing .bss(_ne_df.o), (0 bytes).
	Removing .data(_gt_df.o), (0 bytes).
	Removing .bss(_gt_df.o), (0 bytes).
	Removing .data(_ge_df.o), (0 bytes).
	Removing .bss(_ge_df.o), (0 bytes).
	Removing .data(_lt_df.o), (0 bytes).
	Removing .bss(_lt_df.o), (0 bytes).
	Removing .data(_si_to_df.o), (0 bytes).
	Removing .bss(_si_to_df.o), (0 bytes).
	Removing .data(_df_to_si.o), (0 bytes).
	Removing .bss(_df_to_si.o), (0 bytes).
	Removing .text(_thenan_df.o), (0 bytes).
	Removing .data(_thenan_df.o), (0 bytes).
	Removing .bss(_thenan_df.o), (0 bytes).
	Removing .data(_usi_to_df.o), (0 bytes).
	Removing .bss(_usi_to_df.o), (0 bytes).
	Removing .data(_muldi3.o), (0 bytes).
	Removing .bss(_muldi3.o), (0 bytes).
	Removing .text(_clz.o), (0 bytes).
	Removing .data(_clz.o), (0 bytes).
	Removing .bss(_clz.o), (0 bytes).
	Removing .data(_pack_df.o), (0 bytes).
	Removing .bss(_pack_df.o), (0 bytes).
	Removing .data(_unpack_df.o), (0 bytes).
	Removing .bss(_unpack_df.o), (0 bytes).
	Removing .data(_fpcmp_parts_df.o), (0 bytes).
	Removing .bss(_fpcmp_parts_df.o), (0 bytes).
	Removing .text(isspace.o), (20 bytes).
	Removing .data(isspace.o), (0 bytes).
	Removing .bss(isspace.o), (0 bytes).
	Removing .csky.attributes(isspace.o), (50 bytes).
	Removing .data(putchar.o), (0 bytes).
	Removing .bss(putchar.o), (0 bytes).
	Removing .data(puts.o), (0 bytes).
	Removing .bss(puts.o), (0 bytes).
	Removing .text(stdinit.o), (0 bytes).
	Removing .bss(stdinit.o), (0 bytes).
	Removing .data(fputs.o), (0 bytes).
	Removing .bss(fputs.o), (0 bytes).
	Removing .text(strtod.o), (612 bytes).
	Removing .data(strtod.o), (0 bytes).
	Removing .bss(strtod.o), (0 bytes).
	Removing .rodata(strtod.o), (40 bytes).
	Removing .comment(strtod.o), (67 bytes).
	Removing .csky.attributes(strtod.o), (52 bytes).
	Removing .text(strtof.o), (12 bytes).
	Removing .data(strtof.o), (0 bytes).
	Removing .bss(strtof.o), (0 bytes).
	Removing .comment(strtof.o), (67 bytes).
	Removing .csky.attributes(strtof.o), (52 bytes).
	Removing .data(memset_fast.o), (0 bytes).
	Removing .bss(memset_fast.o), (0 bytes).
	Removing .data(memcpy_fast.o), (0 bytes).
	Removing .bss(memcpy_fast.o), (0 bytes).
	Removing .text(isdigit.o), (8 bytes).
	Removing .data(isdigit.o), (0 bytes).
	Removing .bss(isdigit.o), (0 bytes).
	Removing .csky.attributes(isdigit.o), (50 bytes).
	Removing .text(minilibc_init.o), (56 bytes).
	Removing .data(minilibc_init.o), (0 bytes).
	Removing .bss(minilibc_init.o), (0 bytes).
	Removing .comment(minilibc_init.o), (67 bytes).
	Removing .csky.attributes(minilibc_init.o), (52 bytes).
	Removing COMMON(minilibc_init.o), (8 bytes).
	Removing .data(critical.o), (0 bytes).
	Removing .bss(critical.o), (0 bytes).
	Removing .data(putc.o), (0 bytes).
	Removing .bss(putc.o), (0 bytes).
	Removing .text(abs.o), (6 bytes).
	Removing .data(abs.o), (0 bytes).
	Removing .bss(abs.o), (0 bytes).
	Removing .csky.attributes(abs.o), (50 bytes).
	Removing .text(_eq_df.o), (56 bytes).
	Removing .data(_eq_df.o), (0 bytes).
	Removing .bss(_eq_df.o), (0 bytes).
	Removing .comment(_eq_df.o), (67 bytes).
	Removing .csky.attributes(_eq_df.o), (52 bytes).
	Removing .text(_df_to_sf.o), (52 bytes).
	Removing .data(_df_to_sf.o), (0 bytes).
	Removing .bss(_df_to_sf.o), (0 bytes).
	Removing .comment(_df_to_sf.o), (67 bytes).
	Removing .csky.attributes(_df_to_sf.o), (52 bytes).
	Removing .text(_make_sf.o), (22 bytes).
	Removing .data(_make_sf.o), (0 bytes).
	Removing .bss(_make_sf.o), (0 bytes).
	Removing .comment(_make_sf.o), (67 bytes).
	Removing .csky.attributes(_make_sf.o), (52 bytes).
	Removing .text(_pack_sf.o), (192 bytes).
	Removing .data(_pack_sf.o), (0 bytes).
	Removing .bss(_pack_sf.o), (0 bytes).
	Removing .comment(_pack_sf.o), (67 bytes).
	Removing .csky.attributes(_pack_sf.o), (52 bytes).

456 unused seciton(s) (total 1417831 bytes) removed from the image.

======================================================================

Image Symbol Table 

	Local Symbols

	Symbol Name                        Value        Type   Size  Section
	Obj/bsp_board_init.o               0x00000000     df        0  *ABS*
	Obj/bsp_startup.o                  0x00000000     df        0  *ABS*
	Obj/bsp_system.o                   0x00000000     df        0  *ABS*
	Obj/bsp_trap_c.o                   0x00000000     df        0  *ABS*
	Obj/bsp_vectors.o                  0x00000000     df        0  *ABS*
	Obj/drivers_wm_cpu.o               0x00000000     df        0  *ABS*
	Obj/drivers_wm_gpio.o              0x00000000     df        0  *ABS*
	Obj/drivers_wm_uart.o              0x00000000     df        0  *ABS*
	Obj/libc_libc_port.o               0x00000000     df        0  *ABS*
	Obj/src_fifo.o                     0x00000000     df        0  *ABS*
	Obj/src_main.o                     0x00000000     df        0  *ABS*
	Obj/src_wm_hal_msp.o               0x00000000     df        0  *ABS*
	Obj/src_wm_it.o                    0x00000000     df        0  *ABS*
	_addsub_df.o                       0x00000000     df        0  *ABS*
	_df_to_si.o                        0x00000000     df        0  *ABS*
	_div_df.o                          0x00000000     df        0  *ABS*
	_fixunsdfsi.o                      0x00000000     df        0  *ABS*
	_fpcmp_parts_df.o                  0x00000000     df        0  *ABS*
	_ge_df.o                           0x00000000     df        0  *ABS*
	_gt_df.o                           0x00000000     df        0  *ABS*
	_lt_df.o                           0x00000000     df        0  *ABS*
	_mul_df.o                          0x00000000     df        0  *ABS*
	_muldi3.o                          0x00000000     df        0  *ABS*
	_ne_df.o                           0x00000000     df        0  *ABS*
	_pack_df.o                         0x00000000     df        0  *ABS*
	_si_to_df.o                        0x00000000     df        0  *ABS*
	_udivdi3.o                         0x00000000     df        0  *ABS*
	_umoddi3.o                         0x00000000     df        0  *ABS*
	_unpack_df.o                       0x00000000     df        0  *ABS*
	_usi_to_df.o                       0x00000000     df        0  *ABS*
	critical.o                         0x00000000     df        0  *ABS*
	fputs.o                            0x00000000     df        0  *ABS*
	memcpy_fast.o                      0x00000000     df        0  *ABS*
	memset_fast.o                      0x00000000     df        0  *ABS*
	putc.o                             0x00000000     df        0  *ABS*
	putchar.o                          0x00000000     df        0  *ABS*
	puts.o                             0x00000000     df        0  *ABS*
	stdinit.o                          0x00000000     df        0  *ABS*
	$d                                 0x08010500               0  .text
	$t                                 0x08010500               0  .text
	_start                             0x08010500               0  .text
	__exit                             0x08010560               0  .text
	$d                                 0x08010562               0  .text
	$t                                 0x0801058c               0  .text
	$d                                 0x080105d2               0  .text
	$d                                 0x080105dc               0  .text
	$t                                 0x080105dc               0  .text
	$d                                 0x08010614               0  .text
	$t                                 0x08010614               0  .text
	$d                                 0x08010942               0  .text
	$d                                 0x08010948               0  .text
	$t                                 0x08010948               0  .text
	$d                                 0x08010c68               0  .text
	_fpadd_parts                       0x08010c6c      F      706  .text
	$d                                 0x08010c6c               0  .text
	$t                                 0x08010c6c               0  .text
	$d                                 0x08010f98               0  .text
	$d                                 0x08010f9c               0  .text
	$t                                 0x08010f9c               0  .text
	$d                                 0x08011198               0  .text
	$d                                 0x0801119c               0  .text
	$t                                 0x0801119c               0  .text
	$d                                 0x080112ae               0  .text
	$d                                 0x080112b4               0  .text
	$t                                 0x080112b4               0  .text
	$d                                 0x080112ec               0  .text
	$t                                 0x080112ec               0  .text
	$d                                 0x0801132c               0  .text
	$t                                 0x0801132c               0  .text
	$d                                 0x0801136c               0  .text
	$t                                 0x0801136c               0  .text
	$d                                 0x080113a4               0  .text
	$t                                 0x080113a4               0  .text
	$d                                 0x0801140c               0  .text
	$t                                 0x0801140c               0  .text
	$d                                 0x0801147c               0  .text
	$t                                 0x0801147c               0  .text
	$d                                 0x080114d4               0  .text
	$t                                 0x080114d4               0  .text
	$d                                 0x08011520               0  .text
	$t                                 0x08011520               0  .text
	$d                                 0x080116b0               0  .text
	$t                                 0x080116b0               0  .text
	$d                                 0x08011794               0  .text
	$t                                 0x08011794               0  .text
	$d                                 0x08011858               0  .text
	$t                                 0x08011858               0  .text
	$d                                 0x08011864               0  .text
	$d                                 0x08011868               0  .text
	$t                                 0x08011868               0  .text
	$d                                 0x0801187c               0  .text
	$d                                 0x08011880               0  .text
	$t                                 0x08011880               0  .text
	$d                                 0x080118cc               0  .text
	$t                                 0x080118cc               0  .text
	$d                                 0x0801196c               0  .text
	$t                                 0x0801196c               0  .text
	$d                                 0x080119ec               0  .text
	$t                                 0x080119ec               0  .text
	$d                                 0x080119fc               0  .text
	$t                                 0x080119fc               0  .text
	$d                                 0x08011a04               0  .text
	$t                                 0x08011a04               0  .text
	$d                                 0x08011a5c               0  .text
	$t                                 0x08011a5c               0  .text
	$d                                 0x08011b1e               0  .text
	$d                                 0x08011b24               0  .text
	$t                                 0x08011b24               0  .text
	$d                                 0x08011c2c               0  .text
	$t                                 0x08011c2c               0  .text
	$d                                 0x08011c74               0  .text
	$t                                 0x08011c74               0  .text
	$d                                 0x08011c78               0  .text
	$t                                 0x08011c78               0  .text
	$d                                 0x08011d94               0  .text
	$t                                 0x08011d94               0  .text
	$d                                 0x08011dc0               0  .text
	$t                                 0x08011dc0               0  .text
	$d                                 0x08011e24               0  .text
	$d                                 0x08011e30               0  .text
	$t                                 0x08011e30               0  .text
	$d                                 0x08011e90               0  .text
	$t                                 0x08011e90               0  .text
	$d                                 0x08011e9a               0  .text
	$d                                 0x08011ea0               0  .text
	$t                                 0x08011ea0               0  .text
	$d                                 0x08011ea6               0  .text
	$d                                 0x08011eac               0  .text
	$t                                 0x08011eac               0  .text
	$d                                 0x08011ec4               0  .text
	$t                                 0x08011ec4               0  .text
	$d                                 0x08011ef2               0  .text
	$d                                 0x08011ef8               0  .text
	$t                                 0x08011ef8               0  .text
	$d                                 0x08011f12               0  .text
	$d                                 0x08011f18               0  .text
	$t                                 0x08011f18               0  .text
	$d                                 0x08011fda               0  .text
	$d                                 0x08011ff4               0  .text
	$t                                 0x08011ff4               0  .text
	$d                                 0x08012016               0  .text
	$d                                 0x0801201c               0  .text
	$t                                 0x0801201c               0  .text
	$d                                 0x08012084               0  .text
	$d                                 0x08012088               0  .text
	$t                                 0x08012088               0  .text
	$d                                 0x080120b8               0  .text
	$d                                 0x080120bc               0  .text
	$t                                 0x080120bc               0  .text
	$d                                 0x080120ea               0  .text
	$d                                 0x080120f0               0  .text
	$t                                 0x080120f0               0  .text
	$d                                 0x0801210e               0  .text
	$d                                 0x08012114               0  .text
	$t                                 0x08012114               0  .text
	$d                                 0x0801211e               0  .text
	$d                                 0x08012124               0  .text
	$t                                 0x08012124               0  .text
	$d                                 0x08012132               0  .text
	$d                                 0x08012138               0  .text
	$t                                 0x08012138               0  .text
	$d                                 0x08012174               0  .text
	$d                                 0x08012178               0  .text
	$t                                 0x08012178               0  .text
	$d                                 0x080121ba               0  .text
	$d                                 0x080121c0               0  .text
	$t                                 0x080121c0               0  .text
	$d                                 0x080121e6               0  .text
	$d                                 0x080121f0               0  .text
	$t                                 0x080121f0               0  .text
	$d                                 0x0801225a               0  .text
	$d                                 0x0801226c               0  .text
	$t                                 0x0801226c               0  .text
	$d                                 0x08012292               0  .text
	_out_uart                          0x0801229c      F       16  .text
	$d                                 0x0801229c               0  .text
	$t                                 0x0801229c               0  .text
	$d                                 0x080122ac               0  .text
	_out_null                          0x080122b0      F        2  .text
	$d                                 0x080122b0               0  .text
	$t                                 0x080122b0               0  .text
	_out_rev                           0x080122b4      F      154  .text
	$d                                 0x080122b4               0  .text
	$t                                 0x080122b4               0  .text
	_ntoa_format                       0x08012350      F      486  .text
	$d                                 0x08012350               0  .text
	$t                                 0x08012350               0  .text
	_ntoa_long                         0x08012538      F      192  .text
	$d                                 0x08012538               0  .text
	$t                                 0x08012538               0  .text
	_ntoa_long_long                    0x080125f8      F      214  .text
	$d                                 0x080125f8               0  .text
	$t                                 0x080125f8               0  .text
	_ftoa                              0x080126d0      F     1170  .text
	$d                                 0x080126d0               0  .text
	$t                                 0x080126d0               0  .text
	$d                                 0x08012a4e               0  .text
	$t                                 0x08012a70               0  .text
	$d                                 0x08012b62               0  .text
	_etoa                              0x08012b68      F     1162  .text
	$d                                 0x08012b68               0  .text
	$t                                 0x08012b68               0  .text
	$d                                 0x08012f68               0  .text
	$t                                 0x08012fa4               0  .text
	_vsnprintf                         0x08012ff4      F     2694  .text
	$d                                 0x08012ff4               0  .text
	$t                                 0x08012ff4               0  .text
	$d                                 0x08013036               0  .text
	$t                                 0x08013040               0  .text
	$d                                 0x0801309a               0  .text
	$t                                 0x080130a0               0  .text
	$d                                 0x080130bc               0  .text
	$t                                 0x080130c0               0  .text
	$d                                 0x08013a7c               0  .text
	$t                                 0x08013a7c               0  .text
	$d                                 0x08013a92               0  .text
	$d                                 0x08013a98               0  .text
	$t                                 0x08013a98               0  .text
	$d                                 0x08013ac6               0  .text
	pow10.6118                         0x08013e34      O       80  .rodata
	__stderr                           0x20000104      O       28  .data
	__stdout                           0x20000124      O       28  .data
	__stdin                            0x20000144      O       28  .data
	buf                                0x20001364      O       32  .bss
	pdata                              0x20001384      O     2048  .bss

	Global Symbols

	Symbol Name                        Value        Type   Size  Section
	__min_heap_size                    0x00000000               0  *ABS*
	__Vectors                          0x08010400      O      256  .text
	Reset_Handler                      0x08010500      F       96  .text
	__stext                            0x08010500               0  .text
	trap                               0x0801058c      F        0  .text
	ADC_IRQHandler                     0x080105d0    w F        2  .text
	BLE_IRQHandler                     0x080105d0    w F        2  .text
	BT_IRQHandler                      0x080105d0    w F        2  .text
	DMA_BRUST_IRQHandler               0x080105d0    w F        2  .text
	DMA_Channel0_IRQHandler            0x080105d0    w F        2  .text
	DMA_Channel1_IRQHandler            0x080105d0    w F        2  .text
	DMA_Channel2_IRQHandler            0x080105d0    w F        2  .text
	DMA_Channel3_IRQHandler            0x080105d0    w F        2  .text
	DMA_Channel4_7_IRQHandler          0x080105d0    w F        2  .text
	Default_Handler                    0x080105d0    w F        2  .text
	FLASH_IRQHandler                   0x080105d0    w F        2  .text
	GPIOA_IRQHandler                   0x080105d0    w F        2  .text
	GPIOB_IRQHandler                   0x080105d0    w F        2  .text
	GPSEC_IRQHandler                   0x080105d0    w F        2  .text
	I2C_IRQHandler                     0x080105d0    w F        2  .text
	I2S_IRQHandler                     0x080105d0    w F        2  .text
	MAC_IRQHandler                     0x080105d0    w F        2  .text
	PMU_IRQHandler                     0x080105d0    w F        2  .text
	PWM_IRQHandler                     0x080105d0    w F        2  .text
	RF_Cfg_IRQHandler                  0x080105d0    w F        2  .text
	RSA_IRQHandler                     0x080105d0    w F        2  .text
	SDIO_HOST_IRQHandler               0x080105d0    w F        2  .text
	SDIO_IRQHandler                    0x080105d0    w F        2  .text
	SEC_IRQHandler                     0x080105d0    w F        2  .text
	SPI_HS_IRQHandler                  0x080105d0    w F        2  .text
	SPI_LS_IRQHandler                  0x080105d0    w F        2  .text
	TIM0_5_IRQHandler                  0x080105d0    w F        2  .text
	TOUCH_IRQHandler                   0x080105d0    w F        2  .text
	UART0_IRQHandler                   0x080105d0    w F        2  .text
	UART2_5_IRQHandler                 0x080105d0    w F        2  .text
	WDG_IRQHandler                     0x080105d0    w F        2  .text
	tspend_handler                     0x080105d0    w F        2  .text
	__fixunsdfsi                       0x080105dc      F       56  .text
	__udivdi3                          0x08010614      F      814  .text
	__umoddi3                          0x08010948      F      800  .text
	__adddf3                           0x08010f30      F       48  .text
	__subdf3                           0x08010f60      F       56  .text
	__muldf3                           0x08010f9c      F      508  .text
	__divdf3                           0x0801119c      F      274  .text
	__nedf2                            0x080112b4      F       56  .text
	__gtdf2                            0x080112ec      F       64  .text
	__gedf2                            0x0801132c      F       64  .text
	__ltdf2                            0x0801136c      F       56  .text
	__floatsidf                        0x080113a4      F      104  .text
	__fixdfsi                          0x0801140c      F      112  .text
	__floatunsidf                      0x0801147c      F       86  .text
	__muldi3                           0x080114d4      F       74  .text
	__pack_d                           0x08011520      F      398  .text
	__unpack_d                         0x080116b0      F      228  .text
	__fpcmp_parts_d                    0x08011794      F      194  .text
	__GI_putchar                       0x08011858      F       12  .text
	putchar                            0x08011858    w F       12  .text
	__GI_puts                          0x08011868      F       20  .text
	puts                               0x08011868    w F       20  .text
	__GI_fputs                         0x08011880      F       74  .text
	fputs                              0x08011880    w F       74  .text
	__memset_fast                      0x080118cc    w F      160  .text
	memset                             0x080118cc    w F      160  .text
	__memcpy_fast                      0x0801196c    w F      126  .text
	memcpy                             0x0801196c    w F      126  .text
	__GI_os_critical_open              0x080119ec      F        4  .text
	os_critical_open                   0x080119ec    w F        4  .text
	__GI_os_critical_enter             0x080119f0      F        4  .text
	os_critical_enter                  0x080119f0    w F        4  .text
	__GI_os_critical_exit              0x080119f4      F        4  .text
	os_critical_exit                   0x080119f4    w F        4  .text
	__GI_os_critical_close             0x080119f8      F        4  .text
	os_critical_close                  0x080119f8    w F        4  .text
	__GI_putc                          0x080119fc      F        8  .text
	putc                               0x080119fc    w F        8  .text
	HAL_GPIO_TogglePin                 0x08011a04      F       86  .text
	HAL_UART_Init                      0x08011a5c      F      194  .text
	HAL_UART_Transmit                  0x08011b24      F      262  .text
	HAL_UART_Receive_IT                0x08011c2c      F       70  .text
	HAL_UART_TxCpltCallback            0x08011c74    w F        2  .text
	HAL_UART_IRQHandler                0x08011c78      F      284  .text
	SystemClock_Get                    0x08011d94      F       44  .text
	HAL_InitTick                       0x08011dc0    w F      100  .text
	SystemClock_Config                 0x08011e30      F       96  .text
	HAL_IncTick                        0x08011e90    w F       10  .text
	HAL_GetTick                        0x08011ea0    w F        6  .text
	HAL_Delay                          0x08011eac    w F       22  .text
	HAL_NVIC_SetPriority               0x08011ec4      F       46  .text
	HAL_NVIC_EnableIRQ                 0x08011ef8      F       26  .text
	main                               0x08011f18      F      194  .text
	HAL_UART_RxCpltCallback            0x08011ff4      F       34  .text
	HAL_UART_MspInit                   0x0801201c      F      104  .text
	CORET_IRQHandler                   0x08012088      F       48  .text
	UART1_IRQHandler                   0x080120bc      F       46  .text
	FifoInit                           0x080120f0      F       30  .text
	FifoDataLen                        0x08012114      F       10  .text
	FifoSpaceLen                       0x08012124      F       14  .text
	FifoRead                           0x08012138      F       60  .text
	FifoWrite                          0x08012178      F       66  .text
	SystemInit                         0x080121c0      F       38  .text
	trap_c                             0x080121f0      F      106  .text
	board_init                         0x0801226c      F       38  .text
	fputc                              0x08013a7c      F       22  .text
	wm_printf                          0x08013a98      F       46  .text
	__cskyvprintfprintf                0x08013a98    w F       46  .text
	__etext                            0x08013ad0               0  .text
	__srodata                          0x08013ad0               0  .rodata
	__thenan_df                        0x08013ad0      O       20  .rodata
	__clz_tab                          0x08013ae4      O      256  .rodata
	__erodata                          0x08013e84               0  .rodata
	__vdata_start__                    0x20000000               0  .vdata
	irq_vectors                        0x20000000      O      256  .vdata
	__vdata_end__                      0x20000100               0  .vdata
	irq_vectors_end                    0x20000100               0  .vdata
	__data_start__                     0x20000100               0  .data
	__sdata                            0x20000100               0  .data
	data_start                         0x20000100               0  .data
	stderr                             0x20000100      O        4  .data
	stdout                             0x20000120      O        4  .data
	stdin                              0x20000140      O        4  .data
	__data_end__                       0x20000160               0  .data
	__edata                            0x20000160               0  .data
	__start_cmd                        0x20000160               0  .data
	__start_init_call                  0x20000160               0  .data
	__stop_cmd                         0x20000160               0  .data
	__stop_init_call                   0x20000160               0  .data
	__bss_start__                      0x20000160               0  .bss
	__sbss                             0x20000160               0  .bss
	g_intstackalloc                    0x20000160               0  .bss
	g_intstackbase                     0x20000160               0  .bss
	g_top_irqstack                     0x20001160               0  .bss
	g_trapstackalloc                   0x20001160               0  .bss
	g_trapstackbase                    0x20001160               0  .bss
	g_top_trapstack                    0x20001360               0  .bss
	g_trap_sp                          0x20001360      O        4  .bss
	uwTick                             0x20001b84      O        4  .bss
	uwTickPrio                         0x20001b88      O        4  .bss
	huart1                             0x20001b8c      O       64  .bss
	fifo_str                           0x20001bcc      O       16  .bss
	__bss_end__                        0x20001bdc               0  .bss
	__ebss                             0x20001bdc               0  .bss
	__end                              0x20001bdc               0  .bss
	end                                0x20001bdc               0  .bss
	__heap_start                       0x20001bdc               0  ._user_heap

	(w:Weak    d:Deubg    F:Function    f:File name    O:Zero)


======================================================================

Memory Map of the image

    Image Entry point : 0x08010500

    Region I-SRAM (Base: 0x08010400, Size: 0x00003ae4, Max: 0x000efc00)

    Base Addr    Size         Type   Attr      Idx   Section Name       Object
    0x08010500   0x0000008c   Code   RO        470  .text          	Obj/bsp_startup.o
    0x0801058c   0x00000050   Code   RO        515  .text          	Obj/bsp_vectors.o
    0x080105dc   0x00000038   Code   RO        607  .text          	_fixunsdfsi.o
    0x08010614   0x00000334   Code   RO        614  .text          	_udivdi3.o
    0x08010948   0x00000324   Code   RO        621  .text          	_umoddi3.o
    0x08010c6c   0x00000330   Code   RO        628  .text          	_addsub_df.o
    0x08010f9c   0x00000200   Code   RO        635  .text          	_mul_df.o
    0x0801119c   0x00000118   Code   RO        642  .text          	_div_df.o
    0x080112b4   0x00000038   Code   RO        649  .text          	_ne_df.o
    0x080112ec   0x00000040   Code   RO        656  .text          	_gt_df.o
    0x0801132c   0x00000040   Code   RO        663  .text          	_ge_df.o
    0x0801136c   0x00000038   Code   RO        670  .text          	_lt_df.o
    0x080113a4   0x00000068   Code   RO        677  .text          	_si_to_df.o
    0x0801140c   0x00000070   Code   RO        684  .text          	_df_to_si.o
    0x0801147c   0x00000056   Code   RO        698  .text          	_usi_to_df.o
    0x080114d2   0x00000002   PAD
    0x080114d4   0x0000004a   Code   RO        705  .text          	_muldi3.o
    0x0801151e   0x00000002   PAD
    0x08011520   0x0000018e   Code   RO        719  .text          	_pack_df.o
    0x080116ae   0x00000002   PAD
    0x080116b0   0x000000e4   Code   RO        726  .text          	_unpack_df.o
    0x08011794   0x000000c2   Code   RO        733  .text          	_fpcmp_parts_df.o
    0x08011856   0x00000002   PAD
    0x08011858   0x00000010   Code   RO        751  .text          	putchar.o
    0x08011868   0x00000018   Code   RO        758  .text          	puts.o
    0x08011880   0x0000004a   Code   RO        771  .text          	fputs.o
    0x080118ca   0x00000002   PAD
    0x080118cc   0x000000a0   Code   RO        793  .text          	memset_fast.o
    0x0801196c   0x0000007e   Code   RO        798  .text          	memcpy_fast.o
    0x080119ea   0x00000002   PAD
    0x080119ec   0x00000010   Code   RO        817  .text          	critical.o
    0x080119fc   0x00000008   Code   RO        823  .text          	putc.o
    0x08011a04   0x00000056   Code   RO         24  .text.HAL_GPIO_TogglePin	Obj/drivers_wm_gpio.o
    0x08011a5a   0x00000002   PAD
    0x08011a5c   0x000000c8   Code   RO         44  .text.HAL_UART_Init	Obj/drivers_wm_uart.o
    0x08011b24   0x00000106   Code   RO         47  .text.HAL_UART_Transmit	Obj/drivers_wm_uart.o
    0x08011c2a   0x00000002   PAD
    0x08011c2c   0x00000046   Code   RO         50  .text.HAL_UART_Receive_IT	Obj/drivers_wm_uart.o
    0x08011c72   0x00000002   PAD
    0x08011c74   0x00000002   Code   RO         51  .text.HAL_UART_TxCpltCallback	Obj/drivers_wm_uart.o
    0x08011c76   0x00000002   PAD
    0x08011c78   0x0000011c   Code   RO         53  .text.HAL_UART_IRQHandler	Obj/drivers_wm_uart.o
    0x08011d94   0x0000002c   Code   RO         70  .text.SystemClock_Get	Obj/drivers_wm_cpu.o
    0x08011dc0   0x00000070   Code   RO         71  .text.HAL_InitTick	Obj/drivers_wm_cpu.o
    0x08011e30   0x00000060   Code   RO         72  .text.SystemClock_Config	Obj/drivers_wm_cpu.o
    0x08011e90   0x00000010   Code   RO         73  .text.HAL_IncTick	Obj/drivers_wm_cpu.o
    0x08011ea0   0x0000000c   Code   RO         74  .text.HAL_GetTick	Obj/drivers_wm_cpu.o
    0x08011eac   0x00000016   Code   RO         75  .text.HAL_Delay	Obj/drivers_wm_cpu.o
    0x08011ec2   0x00000002   PAD
    0x08011ec4   0x00000034   Code   RO         76  .text.HAL_NVIC_SetPriority	Obj/drivers_wm_cpu.o
    0x08011ef8   0x00000020   Code   RO         77  .text.HAL_NVIC_EnableIRQ	Obj/drivers_wm_cpu.o
    0x08011f18   0x000000dc   Code   RO        387  .text.startup.main	Obj/src_main.o
    0x08011ff4   0x00000028   Code   RO        388  .text.HAL_UART_RxCpltCallback	Obj/src_main.o
    0x0801201c   0x0000006c   Code   RO        415  .text.HAL_UART_MspInit	Obj/src_wm_hal_msp.o
    0x08012088   0x00000034   Code   RO        433  .text.CORET_IRQHandler	Obj/src_wm_it.o
    0x080120bc   0x00000034   Code   RO        434  .text.UART1_IRQHandler	Obj/src_wm_it.o
    0x080120f0   0x00000024   Code   RO        450  .text.FifoInit 	Obj/src_fifo.o
    0x08012114   0x00000010   Code   RO        451  .text.FifoDataLen	Obj/src_fifo.o
    0x08012124   0x00000014   Code   RO        452  .text.FifoSpaceLen	Obj/src_fifo.o
    0x08012138   0x00000040   Code   RO        453  .text.FifoRead 	Obj/src_fifo.o
    0x08012178   0x00000048   Code   RO        454  .text.FifoWrite	Obj/src_fifo.o
    0x080121c0   0x00000030   Code   RO        484  .text.SystemInit	Obj/bsp_system.o
    0x080121f0   0x0000007c   Code   RO        500  .text.trap_c   	Obj/bsp_trap_c.o
    0x0801226c   0x00000030   Code   RO        527  .text.board_init	Obj/bsp_board_init.o
    0x0801229c   0x00000014   Code   RO        543  .text._out_uart	Obj/libc_libc_port.o
    0x080122b0   0x00000002   Code   RO        544  .text._out_null	Obj/libc_libc_port.o
    0x080122b2   0x00000002   PAD
    0x080122b4   0x0000009a   Code   RO        545  .text._out_rev 	Obj/libc_libc_port.o
    0x0801234e   0x00000002   PAD
    0x08012350   0x000001e6   Code   RO        546  .text._ntoa_format	Obj/libc_libc_port.o
    0x08012536   0x00000002   PAD
    0x08012538   0x000000c0   Code   RO        547  .text._ntoa_long	Obj/libc_libc_port.o
    0x080125f8   0x000000d6   Code   RO        548  .text._ntoa_long_long	Obj/libc_libc_port.o
    0x080126ce   0x00000002   PAD
    0x080126d0   0x00000498   Code   RO        549  .text._ftoa    	Obj/libc_libc_port.o
    0x08012b68   0x0000048a   Code   RO        550  .text._etoa    	Obj/libc_libc_port.o
    0x08012ff2   0x00000002   PAD
    0x08012ff4   0x00000a86   Code   RO        551  .text._vsnprintf	Obj/libc_libc_port.o
    0x08013a7a   0x00000002   PAD
    0x08013a7c   0x0000001c   Code   RO        555  .text.fputc    	Obj/libc_libc_port.o
    0x08013a98   0x00000034   Code   RO        562  .text.wm_printf	Obj/libc_libc_port.o
    0x08013acc   0x00000004   PAD
    0x08013ad0   0x00000014   Data   RO        694  .rodata        	_thenan_df.o
    0x08013ae4   0x00000100   Data   RO        715  .rodata        	_clz.o
    0x08013be4   0x00000005   Data   RO        395  .rodata.HAL_UART_RxCpltCallback.str1.4	Obj/src_main.o
    0x08013be9   0x00000003   PAD
    0x08013bec   0x00000015   Data   RO        397  .rodata.main.str1.4	Obj/src_main.o
    0x08013c01   0x00000003   PAD
    0x08013c04   0x00000037   Data   RO        501  .rodata.trap_c.str1.4	Obj/bsp_trap_c.o
    0x08013c3b   0x00000001   PAD
    0x08013c3c   0x000001e0   Data   RO        552  .rodata._vsnprintf	Obj/libc_libc_port.o
    0x08013e1c   0x00000018   Data   RO        572  .rodata._ftoa.str1.4	Obj/libc_libc_port.o
    0x08013e34   0x00000050   Data   RO        573  .rodata.pow10.6118	Obj/libc_libc_port.o

    Region D-SRAM (Base: 0x20000100, Size: 0x00001adc, Max: 0x00047f00)

    Base Addr    Size         Type   Attr      Idx   Section Name       Object
    0x20000100   0x00000060   Data   RW        766  .data          	stdinit.o
    0x20000160   0x00001000   Zero   RW        472  .bss           	Obj/bsp_startup.o
    0x20001160   0x00000204   Zero   RW        517  .bss           	Obj/bsp_vectors.o
    0x20001364   0x00000020   Zero   RW        392  .bss.buf       	Obj/src_main.o
    0x20001384   0x00000800   Zero   RW        394  .bss.pdata     	Obj/src_main.o
    0x20001b84   0x00000008   Zero   RW         92  COMMON         	Obj/drivers_wm_cpu.o
    0x20001b8c   0x00000040   Zero   RW        411  COMMON         	Obj/src_main.o
    0x20001bcc   0x00000010   Zero   RW        469  COMMON         	Obj/src_fifo.o

    Region V-SRAM (Base: 0x20000000, Size: 0x00000000, Max: 0x00000100)

    Region *default* (Base: 0x00000000, Size: 0x00000000, Max: 0xffffffff)


======================================================================

Image component sizes

       Code    RO Data    RW Data    ZI Data      Debug   Object Name

          0          0          0          0          0   linker stubs
         86          0          0          0     124829   Obj/drivers_wm_gpio.o
        818          0          0          0     128425   Obj/drivers_wm_uart.o
        386          0          0          8     127016   Obj/drivers_wm_cpu.o
          0          0          0          0          0   Obj/drivers_wm_hal.o
          0          0          0          0          0   Obj/drivers_wm_spi.o
          0          0          0          0          0   Obj/drivers_wm_wdg.o
          0          0          0          0          0   Obj/drivers_wm_tim.o
          0          0          0          0          0   Obj/drivers_wm_internal_flash.o
          0          0          0          0          0   Obj/drivers_wm_adc.o
          0          0          0          0          0   Obj/drivers_wm_pwm.o
          0          0          0          0          0   Obj/drivers_wm_pmu.o
          0          0          0          0          0   Obj/drivers_wm_spi_flash.o
          0          0          0          0          0   Obj/drivers_wm_i2c.o
          0          0          0          0          0   Obj/drivers_wm_touch.o
        260         26          0       2144     124584   Obj/src_main.o
        108          0          0          0     123877   Obj/src_wm_hal_msp.o
        104          0          0          0     123264   Obj/src_wm_it.o
        208          0          0         16     123622   Obj/src_fifo.o
        140          0          0       4096        376   Obj/bsp_startup.o
         48          0          0          0      23992   Obj/bsp_system.o
        124         55          0          0      14681   Obj/bsp_trap_c.o
         80          0          0        516        349   Obj/bsp_vectors.o
         48          0          0          0     123984   Obj/bsp_board_init.o
       6180        584          0          0     151662   Obj/libc_libc_port.o
          0          0          0          0          0   Obj/__rt_entry.o
	------------------------------------------------------------
       8590        665          0       6780    1190661   Object Totals
         38          7          0          0          0   Pad
          0          0          0          0          0   LD_GEN

	------------------------------------------------------------
    [Library Name]: d:/c-sky/cdk/csky/mingw/csky-abiv2-elf-toolchain/bin/../lib/gcc/csky-elfabiv2/6.3.0/ck803/hard-fp\libgcc.a
	------------------------------------------------------------
       Code    RO Data    RW Data    ZI Data      Debug   Library Member Name

         56          0          0          0          0   _fixunsdfsi.o
        820          0          0          0          0   _udivdi3.o
        804          0          0          0          0   _umoddi3.o
        816          0          0          0          0   _addsub_df.o
        512          0          0          0          0   _mul_df.o
        280          0          0          0          0   _div_df.o
         56          0          0          0          0   _ne_df.o
         64          0          0          0          0   _gt_df.o
         64          0          0          0          0   _ge_df.o
         56          0          0          0          0   _lt_df.o
        104          0          0          0          0   _si_to_df.o
        112          0          0          0          0   _df_to_si.o
          0         20          0          0          0   _thenan_df.o
         86          0          0          0          0   _usi_to_df.o
         74          0          0          0          0   _muldi3.o
          0        256          0          0          0   _clz.o
        398          0          0          0          0   _pack_df.o
        228          0          0          0          0   _unpack_df.o
        194          0          0          0          0   _fpcmp_parts_df.o
	------------------------------------------------------------
       4724        276          0          0          0   Library Totals
          0          0          0          0          0   Pad
          0          0          0          0          0   LD_GEN

	------------------------------------------------------------
    [Library Name]: d:/c-sky/cdk/csky/mingw/csky-abiv2-elf-toolchain/bin/../lib/gcc/csky-elfabiv2/6.3.0/../../../../csky-elfabiv2/lib/ck803/hard-fp\libc.a
	------------------------------------------------------------
       Code    RO Data    RW Data    ZI Data      Debug   Library Member Name

          0          0          0          0          0   isspace.o
         16          0          0          0          0   putchar.o
         24          0          0          0          0   puts.o
          0          0         96          0          0   stdinit.o
         74          0          0          0          0   fputs.o
          0          0          0          0          0   strtod.o
          0          0          0          0          0   strtof.o
        160          0          0          0          0   memset_fast.o
        126          0          0          0          0   memcpy_fast.o
          0          0          0          0          0   isdigit.o
          0          0          0          0          0   minilibc_init.o
         16          0          0          0          0   critical.o
          8          0          0          0          0   putc.o
          0          0          0          0          0   abs.o
	------------------------------------------------------------
        424          0         96          0          0   Library Totals
          0          0          0          0          0   Pad
          0          0          0          0          0   LD_GEN

	------------------------------------------------------------
    [Library Name]: d:/c-sky/cdk/csky/mingw/csky-abiv2-elf-toolchain/bin/../lib/gcc/csky-elfabiv2/6.3.0/ck803/hard-fp\libgcc.a
	------------------------------------------------------------
       Code    RO Data    RW Data    ZI Data      Debug   Library Member Name

          0          0          0          0          0   _eq_df.o
          0          0          0          0          0   _df_to_sf.o
          0          0          0          0          0   _make_sf.o
          0          0          0          0          0   _pack_sf.o
	------------------------------------------------------------
          0          0          0          0          0   Library Totals
          0          0          0          0          0   Pad
          0          0          0          0          0   LD_GEN

	------------------------------------------------------------

======================================================================


       Code    RO Data    RW Data    ZI Data      Debug
      13776        948         96       6780    1190661   Grand Totals
      13776        948         96       6780    1190661   Elf Image Totals
      13776        948         96          0          0   ROM Totals

======================================================================

Total	RO	Size (Code + RO Data)				14724 (  14.38kB)
Total	RW	Size (RW Data + ZI Data)			6876 (  6.71kB)
Total	ROM	Size (Code + RO Data + RW Data)		14820 (  14.47kB)

======================================================================
